MemTotal:        7470468 kB
MemFree:          448076 kB
MemAvailable:    2905176 kB
Buffers:            1304 kB
Cached:          2578248 kB
SwapCached:       256132 kB
Active:          1897120 kB
Inactive:        1698564 kB
Active(anon):     712104 kB
Inactive(anon):  1133372 kB
Active(file):    1185016 kB
Inactive(file):   565192 kB
Unevictable:        4484 kB
Mlocked:            4484 kB
RbinTotal:        804864 kB
RbinAlloced:           0 kB
RbinPool:              0 kB
RbinFree:            484 kB
RbinCached:       804380 kB
ZeroedFree:            0 kB
SwapTotal:       8388604 kB
SwapFree:        5565808 kB
Dirty:             22656 kB
Writeback:             4 kB
AnonPages:       1735140 kB
Mapped:          1056372 kB
Shmem:             30540 kB
KReclaimable:     238596 kB
Slab:             616256 kB
SReclaimable:     190944 kB
SUnreclaim:       425312 kB
KernelStack:       92480 kB
ShadowCallStack:   23140 kB
PageTables:       185932 kB
NFS_Unstable:          0 kB
Bounce:                0 kB
WritebackTmp:          0 kB
CommitLimit:    11721404 kB
Committed_AS:   317679232 kB
VmallocTotal:   263061440 kB
VmallocUsed:      319852 kB
VmallocChunk:          0 kB
Percpu:            11616 kB
AnonHugePages:         0 kB
ShmemHugePages:        0 kB
ShmemPmdMapped:        0 kB
FileHugePages:         0 kB
FilePmdMapped:         0 kB
HugepagePool:          0 kB
CmaTotal:         348160 kB
CmaFree:           11292 kB
system:           199048 kB
system-uncached:  149048 kB
zram0:            838840 kB
