MemTotal:        7470468 kB
MemFree:          479384 kB
MemAvailable:    2929340 kB
Buffers:            1352 kB
Cached:          2549092 kB
SwapCached:       291668 kB
Active:          1829088 kB
Inactive:        1803672 kB
Active(anon):     710348 kB
Inactive(anon):  1193272 kB
Active(file):    1118740 kB
Inactive(file):   610400 kB
Unevictable:        4484 kB
Mlocked:            4484 kB
RbinTotal:        804864 kB
RbinAlloced:           0 kB
RbinPool:              0 kB
RbinFree:          11064 kB
RbinCached:       793800 kB
ZeroedFree:            0 kB
SwapTotal:       8388604 kB
SwapFree:        5690240 kB
Dirty:              5280 kB
Writeback:            88 kB
AnonPages:       1771772 kB
Mapped:           976212 kB
Shmem:             32852 kB
KReclaimable:     263100 kB
Slab:             615056 kB
SReclaimable:     189904 kB
SUnreclaim:       425152 kB
KernelStack:       87296 kB
ShadowCallStack:   21752 kB
PageTables:       180524 kB
NFS_Unstable:          0 kB
Bounce:                0 kB
WritebackTmp:          0 kB
CommitLimit:    11721404 kB
Committed_AS:   304317040 kB
VmallocTotal:   263061440 kB
VmallocUsed:      313516 kB
VmallocChunk:          0 kB
Percpu:            11616 kB
AnonHugePages:         0 kB
ShmemHugePages:        0 kB
ShmemPmdMapped:        0 kB
FileHugePages:         0 kB
FilePmdMapped:         0 kB
HugepagePool:          0 kB
CmaTotal:         348160 kB
CmaFree:           20012 kB
system:           194464 kB
system-uncached:  144080 kB
zram0:            789728 kB
