MemTotal:        7470468 kB
MemFree:          282936 kB
MemAvailable:    2784812 kB
Buffers:            1304 kB
Cached:          2609032 kB
SwapCached:       276752 kB
Active:          1850044 kB
Inactive:        1944472 kB
Active(anon):     691536 kB
Inactive(anon):  1291240 kB
Active(file):    1158508 kB
Inactive(file):   653232 kB
Unevictable:        4484 kB
Mlocked:            4484 kB
RbinTotal:        804864 kB
RbinAlloced:           0 kB
RbinPool:              0 kB
RbinFree:          32756 kB
RbinCached:       772108 kB
ZeroedFree:            0 kB
SwapTotal:       8388604 kB
SwapFree:        5582440 kB
Dirty:              8984 kB
Writeback:             0 kB
AnonPages:       1858644 kB
Mapped:          1085856 kB
Shmem:             31808 kB
KReclaimable:     254364 kB
Slab:             615856 kB
SReclaimable:     190572 kB
SUnreclaim:       425284 kB
KernelStack:       92672 kB
ShadowCallStack:   23212 kB
PageTables:       186468 kB
NFS_Unstable:          0 kB
Bounce:                0 kB
WritebackTmp:          0 kB
CommitLimit:    11721404 kB
Committed_AS:   316630244 kB
VmallocTotal:   263061440 kB
VmallocUsed:      320100 kB
VmallocChunk:          0 kB
Percpu:            11616 kB
AnonHugePages:         0 kB
ShmemHugePages:        0 kB
ShmemPmdMapped:        0 kB
FileHugePages:         0 kB
FilePmdMapped:         0 kB
HugepagePool:          0 kB
CmaTotal:         348160 kB
CmaFree:               0 kB
system:           199048 kB
system-uncached:  144020 kB
zram0:            831056 kB
