MemTotal:        7470468 kB
MemFree:          344728 kB
MemAvailable:    2842200 kB
Buffers:            1352 kB
Cached:          2596160 kB
SwapCached:       295772 kB
Active:          1881100 kB
Inactive:        1888060 kB
Active(anon):     715660 kB
Inactive(anon):  1272752 kB
Active(file):    1165440 kB
Inactive(file):   615308 kB
Unevictable:        4484 kB
Mlocked:            4484 kB
RbinTotal:        804864 kB
RbinAlloced:           0 kB
RbinPool:              0 kB
RbinFree:          15276 kB
RbinCached:       789588 kB
ZeroedFree:            0 kB
SwapTotal:       8388604 kB
SwapFree:        5692544 kB
Dirty:             18932 kB
Writeback:           132 kB
AnonPages:       1853684 kB
Mapped:          1007408 kB
Shmem:             32908 kB
KReclaimable:     263220 kB
Slab:             615060 kB
SReclaimable:     190024 kB
SUnreclaim:       425036 kB
KernelStack:       88928 kB
ShadowCallStack:   22204 kB
PageTables:       181468 kB
NFS_Unstable:          0 kB
Bounce:                0 kB
WritebackTmp:          0 kB
CommitLimit:    11721404 kB
Committed_AS:   303812116 kB
VmallocTotal:   263061440 kB
VmallocUsed:      315468 kB
VmallocChunk:          0 kB
Percpu:            11616 kB
AnonHugePages:         0 kB
ShmemHugePages:        0 kB
ShmemPmdMapped:        0 kB
FileHugePages:         0 kB
FilePmdMapped:         0 kB
HugepagePool:          0 kB
CmaTotal:         348160 kB
CmaFree:           17252 kB
system:           194464 kB
system-uncached:  144080 kB
zram0:            790716 kB
