MemTotal:        7470468 kB
MemFree:          426408 kB
MemAvailable:    2854528 kB
Buffers:            1304 kB
Cached:          2519456 kB
SwapCached:       268252 kB
Active:          1810024 kB
Inactive:        1871188 kB
Active(anon):     692824 kB
Inactive(anon):  1241428 kB
Active(file):    1117200 kB
Inactive(file):   629760 kB
Unevictable:        4484 kB
Mlocked:            4484 kB
RbinTotal:        804864 kB
RbinAlloced:           0 kB
RbinPool:              0 kB
RbinFree:          58292 kB
RbinCached:       746572 kB
ZeroedFree:            0 kB
SwapTotal:       8388604 kB
SwapFree:        5630688 kB
Dirty:             23720 kB
Writeback:            92 kB
AnonPages:       1822040 kB
Mapped:          1064340 kB
Shmem:             31728 kB
KReclaimable:     270672 kB
Slab:             611860 kB
SReclaimable:     186684 kB
SUnreclaim:       425176 kB
KernelStack:       92256 kB
ShadowCallStack:   23120 kB
PageTables:       187484 kB
NFS_Unstable:          0 kB
Bounce:                0 kB
WritebackTmp:          0 kB
CommitLimit:    11721404 kB
Committed_AS:   318308696 kB
VmallocTotal:   263061440 kB
VmallocUsed:      319632 kB
VmallocChunk:          0 kB
Percpu:            11616 kB
AnonHugePages:         0 kB
ShmemHugePages:        0 kB
ShmemPmdMapped:        0 kB
FileHugePages:         0 kB
FilePmdMapped:         0 kB
HugepagePool:          0 kB
CmaTotal:         348160 kB
CmaFree:             616 kB
system:           194400 kB
system-uncached:  149048 kB
zram0:            811376 kB
